###############################################################################
#
# IAR ELF Linker V8.22.2.15995/W32 for ARM                22/Nov/2020  17:26:02
# Copyright 2007-2018 IAR Systems AB.
#
#    Output file  =  
#        C:\Users\xhh\Documents\CUBE-EXAMPLE\STM32DISCOVERY-FREErtos\EWARM\STM32DISCOVERY-FREErtos\Exe\STM32DISCOVERY-FREErtos.out
#    Map file     =  
#        C:\Users\xhh\Documents\CUBE-EXAMPLE\STM32DISCOVERY-FREErtos\EWARM\STM32DISCOVERY-FREErtos\List\STM32DISCOVERY-FREErtos.map
#    Command line =  
#        -f C:\Users\xhh\AppData\Local\Temp\EW936.tmp
#        (C:\Users\xhh\Documents\CUBE-EXAMPLE\STM32DISCOVERY-FREErtos\EWARM\STM32DISCOVERY-FREErtos\Obj\cmsis_os.o
#        C:\Users\xhh\Documents\CUBE-EXAMPLE\STM32DISCOVERY-FREErtos\EWARM\STM32DISCOVERY-FREErtos\Obj\croutine.o
#        C:\Users\xhh\Documents\CUBE-EXAMPLE\STM32DISCOVERY-FREErtos\EWARM\STM32DISCOVERY-FREErtos\Obj\event_groups.o
#        C:\Users\xhh\Documents\CUBE-EXAMPLE\STM32DISCOVERY-FREErtos\EWARM\STM32DISCOVERY-FREErtos\Obj\freertos.o
#        C:\Users\xhh\Documents\CUBE-EXAMPLE\STM32DISCOVERY-FREErtos\EWARM\STM32DISCOVERY-FREErtos\Obj\list.o
#        C:\Users\xhh\Documents\CUBE-EXAMPLE\STM32DISCOVERY-FREErtos\EWARM\STM32DISCOVERY-FREErtos\Obj\main.o
#        C:\Users\xhh\Documents\CUBE-EXAMPLE\STM32DISCOVERY-FREErtos\EWARM\STM32DISCOVERY-FREErtos\Obj\port.o
#        C:\Users\xhh\Documents\CUBE-EXAMPLE\STM32DISCOVERY-FREErtos\EWARM\STM32DISCOVERY-FREErtos\Obj\portasm.o
#        C:\Users\xhh\Documents\CUBE-EXAMPLE\STM32DISCOVERY-FREErtos\EWARM\STM32DISCOVERY-FREErtos\Obj\queue.o
#        C:\Users\xhh\Documents\CUBE-EXAMPLE\STM32DISCOVERY-FREErtos\EWARM\STM32DISCOVERY-FREErtos\Obj\startup_stm32f303xc.o
#        C:\Users\xhh\Documents\CUBE-EXAMPLE\STM32DISCOVERY-FREErtos\EWARM\STM32DISCOVERY-FREErtos\Obj\stm32f3xx_hal.o
#        C:\Users\xhh\Documents\CUBE-EXAMPLE\STM32DISCOVERY-FREErtos\EWARM\STM32DISCOVERY-FREErtos\Obj\stm32f3xx_hal_cortex.o
#        C:\Users\xhh\Documents\CUBE-EXAMPLE\STM32DISCOVERY-FREErtos\EWARM\STM32DISCOVERY-FREErtos\Obj\stm32f3xx_hal_dma.o
#        C:\Users\xhh\Documents\CUBE-EXAMPLE\STM32DISCOVERY-FREErtos\EWARM\STM32DISCOVERY-FREErtos\Obj\stm32f3xx_hal_exti.o
#        C:\Users\xhh\Documents\CUBE-EXAMPLE\STM32DISCOVERY-FREErtos\EWARM\STM32DISCOVERY-FREErtos\Obj\stm32f3xx_hal_flash.o
#        C:\Users\xhh\Documents\CUBE-EXAMPLE\STM32DISCOVERY-FREErtos\EWARM\STM32DISCOVERY-FREErtos\Obj\stm32f3xx_hal_flash_ex.o
#        C:\Users\xhh\Documents\CUBE-EXAMPLE\STM32DISCOVERY-FREErtos\EWARM\STM32DISCOVERY-FREErtos\Obj\stm32f3xx_hal_gpio.o
#        C:\Users\xhh\Documents\CUBE-EXAMPLE\STM32DISCOVERY-FREErtos\EWARM\STM32DISCOVERY-FREErtos\Obj\stm32f3xx_hal_i2c.o
#        C:\Users\xhh\Documents\CUBE-EXAMPLE\STM32DISCOVERY-FREErtos\EWARM\STM32DISCOVERY-FREErtos\Obj\stm32f3xx_hal_i2c_ex.o
#        C:\Users\xhh\Documents\CUBE-EXAMPLE\STM32DISCOVERY-FREErtos\EWARM\STM32DISCOVERY-FREErtos\Obj\stm32f3xx_hal_msp.o
#        C:\Users\xhh\Documents\CUBE-EXAMPLE\STM32DISCOVERY-FREErtos\EWARM\STM32DISCOVERY-FREErtos\Obj\stm32f3xx_hal_pcd.o
#        C:\Users\xhh\Documents\CUBE-EXAMPLE\STM32DISCOVERY-FREErtos\EWARM\STM32DISCOVERY-FREErtos\Obj\stm32f3xx_hal_pcd_ex.o
#        C:\Users\xhh\Documents\CUBE-EXAMPLE\STM32DISCOVERY-FREErtos\EWARM\STM32DISCOVERY-FREErtos\Obj\stm32f3xx_hal_pwr.o
#        C:\Users\xhh\Documents\CUBE-EXAMPLE\STM32DISCOVERY-FREErtos\EWARM\STM32DISCOVERY-FREErtos\Obj\stm32f3xx_hal_pwr_ex.o
#        C:\Users\xhh\Documents\CUBE-EXAMPLE\STM32DISCOVERY-FREErtos\EWARM\STM32DISCOVERY-FREErtos\Obj\stm32f3xx_hal_rcc.o
#        C:\Users\xhh\Documents\CUBE-EXAMPLE\STM32DISCOVERY-FREErtos\EWARM\STM32DISCOVERY-FREErtos\Obj\stm32f3xx_hal_rcc_ex.o
#        C:\Users\xhh\Documents\CUBE-EXAMPLE\STM32DISCOVERY-FREErtos\EWARM\STM32DISCOVERY-FREErtos\Obj\stm32f3xx_hal_spi.o
#        C:\Users\xhh\Documents\CUBE-EXAMPLE\STM32DISCOVERY-FREErtos\EWARM\STM32DISCOVERY-FREErtos\Obj\stm32f3xx_hal_spi_ex.o
#        C:\Users\xhh\Documents\CUBE-EXAMPLE\STM32DISCOVERY-FREErtos\EWARM\STM32DISCOVERY-FREErtos\Obj\stm32f3xx_hal_tim.o
#        C:\Users\xhh\Documents\CUBE-EXAMPLE\STM32DISCOVERY-FREErtos\EWARM\STM32DISCOVERY-FREErtos\Obj\stm32f3xx_hal_tim_ex.o
#        C:\Users\xhh\Documents\CUBE-EXAMPLE\STM32DISCOVERY-FREErtos\EWARM\STM32DISCOVERY-FREErtos\Obj\stm32f3xx_it.o
#        C:\Users\xhh\Documents\CUBE-EXAMPLE\STM32DISCOVERY-FREErtos\EWARM\STM32DISCOVERY-FREErtos\Obj\stm32f3xx_ll_usb.o
#        C:\Users\xhh\Documents\CUBE-EXAMPLE\STM32DISCOVERY-FREErtos\EWARM\STM32DISCOVERY-FREErtos\Obj\stream_buffer.o
#        C:\Users\xhh\Documents\CUBE-EXAMPLE\STM32DISCOVERY-FREErtos\EWARM\STM32DISCOVERY-FREErtos\Obj\system_stm32f3xx.o
#        C:\Users\xhh\Documents\CUBE-EXAMPLE\STM32DISCOVERY-FREErtos\EWARM\STM32DISCOVERY-FREErtos\Obj\tasks.o
#        C:\Users\xhh\Documents\CUBE-EXAMPLE\STM32DISCOVERY-FREErtos\EWARM\STM32DISCOVERY-FREErtos\Obj\timers.o
#        --redirect _Printf=_PrintfFull --redirect _Scanf=_ScanfFull -o
#        C:\Users\xhh\Documents\CUBE-EXAMPLE\STM32DISCOVERY-FREErtos\EWARM\STM32DISCOVERY-FREErtos\Exe\STM32DISCOVERY-FREErtos.out
#        --map
#        C:\Users\xhh\Documents\CUBE-EXAMPLE\STM32DISCOVERY-FREErtos\EWARM\STM32DISCOVERY-FREErtos\List\STM32DISCOVERY-FREErtos.map
#        --config
#        C:\Users\xhh\Documents\CUBE-EXAMPLE\STM32DISCOVERY-FREErtos\EWARM/stm32f303xc_flash.icf
#        --semihosting --entry __iar_program_start --vfe --text_out locale)
#
###############################################################################

*******************************************************************************
*** RUNTIME MODEL ATTRIBUTES
***

CppFlavor       = *
__SystemLibrary = DLib
__dlib_version  = 6


*******************************************************************************
*** HEAP SELECTION
***

The basic heap was selected because no calls to memory allocation
functions were found in the application outside of system library
functions, and there are calls to deallocation functions in the
application.


*******************************************************************************
*** PLACEMENT SUMMARY
***

"A0":  place at 0x08000000 { ro section .intvec };
"P1":  place in [from 0x08000000 to 0x0803ffff] { ro };
define block CSTACK with size = 1K, alignment = 8 { };
define block HEAP with size = 512, alignment = 8 { };
"P2":  place in [from 0x20000000 to 0x20009fff] {
          rw, block CSTACK, block HEAP };
initialize by copy { rw };

  Section            Kind        Address    Size  Object
  -------            ----        -------    ----  ------
"A0":                                      0x188
  .intvec            ro code  0x08000000   0x188  startup_stm32f303xc.o [1]
                            - 0x08000188   0x188

"P1":                                     0x1c60
  .text              ro code  0x08000188   0x500  tasks.o [1]
  .text              ro code  0x08000688    0x90  list.o [1]
  .text              ro code  0x08000718   0x1b8  port.o [1]
  .text              ro code  0x080008d0    0x14  freertos.o [1]
  CODE               ro code  0x080008e4    0xb0  portasm.o [1]
  .text              ro code  0x08000994   0x494  stm32f3xx_hal_rcc.o [1]
  .text              ro code  0x08000e28     0xc  stm32f3xx_hal.o [1]
  .text              ro code  0x08000e34    0x40  stm32f3xx_hal.o [1]
  .text              ro code  0x08000e74    0xb0  stm32f3xx_hal_cortex.o [1]
  .text              ro code  0x08000f24   0x31c  main.o [1]
  .text              ro code  0x08001240    0x24  stm32f3xx_hal.o [1]
  .text              ro code  0x08001264     0x6  ABImemclr4.o [5]
  .text              ro code  0x0800126c   0x1c8  stm32f3xx_hal_gpio.o [1]
  .text              ro code  0x08001434    0xb2  stm32f3xx_hal_i2c.o [1]
  .text              ro code  0x080014e8    0x86  stm32f3xx_hal_i2c_ex.o [1]
  .text              ro code  0x08001570    0xb8  stm32f3xx_hal_spi.o [1]
  .text              ro code  0x08001628    0x9a  stm32f3xx_hal_pcd.o [1]
  .text              ro code  0x080016c4    0x86  ABImemcpy.o [5]
  .text              ro code  0x0800174c    0x4a  cmsis_os.o [1]
  .text              ro code  0x08001798   0x1b8  stm32f3xx_hal_rcc_ex.o [1]
  .text              ro code  0x08001950   0x150  stm32f3xx_hal_msp.o [1]
  .text              ro code  0x08001aa0    0x32  ABImemset48.o [5]
  .text              ro code  0x08001ad4    0x2c  stm32f3xx_ll_usb.o [1]
  .text              ro code  0x08001b00    0x40  zero_init3.o [5]
  .text              ro code  0x08001b40    0x2c  system_stm32f3xx.o [1]
  .text              ro code  0x08001b6c    0x2c  copy_init3.o [5]
  .text              ro code  0x08001b98    0x28  data_init.o [5]
  .rodata            const    0x08001bc0    0x24  main.o [1]
  .text              ro code  0x08001be4    0x24  stm32f3xx_it.o [1]
  .text              ro code  0x08001c08    0x10  stm32f3xx_hal.o [1]
  .text              ro code  0x08001c18    0x22  fpinit_M.o [4]
  .iar.init_table    const    0x08001c3c    0x24  - Linker created -
  .text              ro code  0x08001c60    0x1e  cmain.o [5]
  .text              ro code  0x08001c7e     0x4  low_level_init.o [3]
  .text              ro code  0x08001c82     0x4  exit.o [3]
  .text              ro code  0x08001c88     0xa  cexit.o [5]
  .text              ro code  0x08001c94    0x14  exit.o [6]
  Initializer bytes  const    0x08001ca8    0x1c  <for P2-1>
  .text              ro code  0x08001cc4    0x10  startup_stm32f303xc.o [1]
  .text              ro code  0x08001cd4     0xc  cstartup_M.o [5]
  .text              ro code  0x08001ce0     0x4  startup_stm32f303xc.o [1]
  .text              ro code  0x08001ce4     0x4  startup_stm32f303xc.o [1]
  .text              ro code  0x08001ce8     0x4  startup_stm32f303xc.o [1]
  .text              ro code  0x08001cec     0x4  startup_stm32f303xc.o [1]
  .text              ro code  0x08001cf0     0x4  startup_stm32f303xc.o [1]
  .text              ro code  0x08001cf4     0x4  startup_stm32f303xc.o [1]
  .text              ro code  0x08001cf8     0x4  startup_stm32f303xc.o [1]
  .text              ro code  0x08001cfc     0x4  startup_stm32f303xc.o [1]
  .text              ro code  0x08001d00     0x4  startup_stm32f303xc.o [1]
  .text              ro code  0x08001d04     0x4  startup_stm32f303xc.o [1]
  .text              ro code  0x08001d08     0x4  startup_stm32f303xc.o [1]
  .text              ro code  0x08001d0c     0x4  startup_stm32f303xc.o [1]
  .text              ro code  0x08001d10     0x4  startup_stm32f303xc.o [1]
  .text              ro code  0x08001d14     0x4  startup_stm32f303xc.o [1]
  .text              ro code  0x08001d18     0x4  startup_stm32f303xc.o [1]
  .text              ro code  0x08001d1c     0x4  startup_stm32f303xc.o [1]
  .text              ro code  0x08001d20     0x4  startup_stm32f303xc.o [1]
  .text              ro code  0x08001d24     0x4  startup_stm32f303xc.o [1]
  .text              ro code  0x08001d28     0x4  startup_stm32f303xc.o [1]
  .text              ro code  0x08001d2c     0x4  startup_stm32f303xc.o [1]
  .text              ro code  0x08001d30     0x4  startup_stm32f303xc.o [1]
  .text              ro code  0x08001d34     0x4  startup_stm32f303xc.o [1]
  .text              ro code  0x08001d38     0x4  startup_stm32f303xc.o [1]
  .text              ro code  0x08001d3c     0x4  startup_stm32f303xc.o [1]
  .text              ro code  0x08001d40     0x4  startup_stm32f303xc.o [1]
  .text              ro code  0x08001d44     0x4  startup_stm32f303xc.o [1]
  .text              ro code  0x08001d48     0x4  startup_stm32f303xc.o [1]
  .text              ro code  0x08001d4c     0x4  startup_stm32f303xc.o [1]
  .text              ro code  0x08001d50     0x4  startup_stm32f303xc.o [1]
  .text              ro code  0x08001d54     0x4  startup_stm32f303xc.o [1]
  .text              ro code  0x08001d58     0x4  startup_stm32f303xc.o [1]
  .text              ro code  0x08001d5c     0x4  startup_stm32f303xc.o [1]
  .text              ro code  0x08001d60     0x4  startup_stm32f303xc.o [1]
  .text              ro code  0x08001d64     0x4  startup_stm32f303xc.o [1]
  .text              ro code  0x08001d68     0x4  startup_stm32f303xc.o [1]
  .text              ro code  0x08001d6c     0x4  startup_stm32f303xc.o [1]
  .text              ro code  0x08001d70     0x4  startup_stm32f303xc.o [1]
  .text              ro code  0x08001d74     0x4  startup_stm32f303xc.o [1]
  .text              ro code  0x08001d78     0x4  startup_stm32f303xc.o [1]
  .text              ro code  0x08001d7c     0x4  startup_stm32f303xc.o [1]
  .text              ro code  0x08001d80     0x4  startup_stm32f303xc.o [1]
  .text              ro code  0x08001d84     0x4  startup_stm32f303xc.o [1]
  .text              ro code  0x08001d88     0x4  startup_stm32f303xc.o [1]
  .text              ro code  0x08001d8c     0x4  startup_stm32f303xc.o [1]
  .text              ro code  0x08001d90     0x4  startup_stm32f303xc.o [1]
  .text              ro code  0x08001d94     0x4  startup_stm32f303xc.o [1]
  .text              ro code  0x08001d98     0x4  startup_stm32f303xc.o [1]
  .text              ro code  0x08001d9c     0x4  startup_stm32f303xc.o [1]
  .text              ro code  0x08001da0     0x4  startup_stm32f303xc.o [1]
  .text              ro code  0x08001da4     0x4  startup_stm32f303xc.o [1]
  .text              ro code  0x08001da8     0x4  startup_stm32f303xc.o [1]
  .text              ro code  0x08001dac     0x4  startup_stm32f303xc.o [1]
  .text              ro code  0x08001db0     0x4  startup_stm32f303xc.o [1]
  .text              ro code  0x08001db4     0x4  startup_stm32f303xc.o [1]
  .text              ro code  0x08001db8     0x4  startup_stm32f303xc.o [1]
  .text              ro code  0x08001dbc     0x4  startup_stm32f303xc.o [1]
  .text              ro code  0x08001dc0     0x4  startup_stm32f303xc.o [1]
  .text              ro code  0x08001dc4     0x4  startup_stm32f303xc.o [1]
  .text              ro code  0x08001dc8     0x4  startup_stm32f303xc.o [1]
  .text              ro code  0x08001dcc     0x4  startup_stm32f303xc.o [1]
  .text              ro code  0x08001dd0     0x4  startup_stm32f303xc.o [1]
  .text              ro code  0x08001dd4     0x4  startup_stm32f303xc.o [1]
  .text              ro code  0x08001dd8     0x4  startup_stm32f303xc.o [1]
  .text              ro code  0x08001ddc     0x4  startup_stm32f303xc.o [1]
  .text              ro code  0x08001de0     0x4  startup_stm32f303xc.o [1]
  .text              ro code  0x08001de4     0x4  startup_stm32f303xc.o [1]
  .rodata            const    0x08001de8     0x0  zero_init3.o [5]
  .rodata            const    0x08001de8     0x0  copy_init3.o [5]
                            - 0x08001de8  0x1c60

"P2", part 1 of 3:                          0x1c
  P2-1                        0x20000000    0x1c  <Init block>
    .data            inited   0x20000000     0xc  port.o [1]
    .data            inited   0x2000000c     0xc  stm32f3xx_hal.o [1]
    .data            inited   0x20000018     0x4  system_stm32f3xx.o [1]
                            - 0x2000001c    0x1c

"P2", part 2 of 3:                         0xe20
  .bss               zero     0x2000001c   0x3a8  main.o [1]
  .bss               zero     0x200003c4   0x254  freertos.o [1]
  .bss               zero     0x20000618   0x200  main.o [1]
  .bss               zero     0x20000818   0x200  main.o [1]
  .bss               zero     0x20000a18   0x200  main.o [1]
  .bss               zero     0x20000c18    0x9c  tasks.o [1]
  .bss               zero     0x20000cb4    0x8c  tasks.o [1]
  .bss               zero     0x20000d40    0x54  main.o [1]
  .bss               zero     0x20000d94    0x54  main.o [1]
  .bss               zero     0x20000de8    0x54  main.o [1]
                            - 0x20000e3c   0xe20

"P2", part 3 of 3:                         0x400
  CSTACK                      0x20000e40   0x400  <Block>
    CSTACK           uninit   0x20000e40   0x400  <Block tail>
                            - 0x20001240   0x400


*******************************************************************************
*** INIT TABLE
***

          Address     Size
          -------     ----
Zero (__iar_zero_init3)
    1 destination range, total size 0xe20:
          0x2000001c  0xe20

Copy (__iar_copy_init3)
    1 source range, total size 0x1c:
          0x08001ca8   0x1c
    1 destination range, total size 0x1c:
          0x20000000   0x1c



*******************************************************************************
*** MODULE SUMMARY
***

    Module                  ro code  ro data  rw data
    ------                  -------  -------  -------
C:\Users\xhh\Documents\CUBE-EXAMPLE\STM32DISCOVERY-FREErtos\EWARM\STM32DISCOVERY-FREErtos\Obj: [1]
    cmsis_os.o                   74
    freertos.o                   20               596
    list.o                      144
    main.o                      796       36    2 724
    port.o                      440       12       12
    portasm.o                   176
    startup_stm32f303xc.o       672
    stm32f3xx_hal.o             128       12       12
    stm32f3xx_hal_cortex.o      176
    stm32f3xx_hal_gpio.o        456
    stm32f3xx_hal_i2c.o         178
    stm32f3xx_hal_i2c_ex.o      134
    stm32f3xx_hal_msp.o         336
    stm32f3xx_hal_pcd.o         154
    stm32f3xx_hal_rcc.o       1 172
    stm32f3xx_hal_rcc_ex.o      440
    stm32f3xx_hal_spi.o         184
    stm32f3xx_it.o               36
    stm32f3xx_ll_usb.o           44
    system_stm32f3xx.o           44        4        4
    tasks.o                   1 280               296
    -------------------------------------------------
    Total:                    7 084       64    3 644

command line: [2]
    -------------------------------------------------
    Total:

dl7M_tlf.a: [3]
    exit.o                        4
    low_level_init.o              4
    -------------------------------------------------
    Total:                        8

m7M_tls.a: [4]
    fpinit_M.o                   34
    -------------------------------------------------
    Total:                       34

rt7M_tl.a: [5]
    ABImemclr4.o                  6
    ABImemcpy.o                 134
    ABImemset48.o                50
    cexit.o                      10
    cmain.o                      30
    copy_init3.o                 44
    cstartup_M.o                 12
    data_init.o                  40
    zero_init3.o                 64
    -------------------------------------------------
    Total:                      390

shb_l.a: [6]
    exit.o                       20
    -------------------------------------------------
    Total:                       20

    Gaps                         18        2
    Linker created                        36    1 024
-----------------------------------------------------
    Grand Total:              7 554      102    4 668


*******************************************************************************
*** ENTRY LIST
***

Entry                      Address   Size  Type      Object
-----                      -------   ----  ----      ------
.iar.init_table$$Base   0x08001c3c          --   Gb  - Linker created -
.iar.init_table$$Limit  0x08001c60          --   Gb  - Linker created -
?main                   0x08001c61         Code  Gb  cmain.o [5]
AHBPrescTable           0x08001b5c   0x10  Data  Gb  system_stm32f3xx.o [1]
BusFault_Handler        0x08001beb    0x2  Code  Gb  stm32f3xx_it.o [1]
CSTACK$$Base            0x20000e40          --   Gb  - Linker created -
CSTACK$$Limit           0x20001240          --   Gb  - Linker created -
DebugMon_Handler        0x08001bef    0x2  Code  Gb  stm32f3xx_it.o [1]
Error_Handler           0x080011bd    0xa  Code  Gb  main.o [1]
HAL_GPIO_Init           0x0800126d  0x18e  Code  Gb  stm32f3xx_hal_gpio.o [1]
HAL_GPIO_TogglePin      0x08001409   0x10  Code  Gb  stm32f3xx_hal_gpio.o [1]
HAL_GPIO_WritePin       0x080013fb    0xe  Code  Gb  stm32f3xx_hal_gpio.o [1]
HAL_GetTick             0x08000e29    0xc  Code  Wk  stm32f3xx_hal.o [1]
HAL_I2CEx_ConfigAnalogFilter
                        0x080014e9   0x30  Code  Gb  stm32f3xx_hal_i2c_ex.o [1]
HAL_I2CEx_ConfigDigitalFilter
                        0x08001519   0x2c  Code  Gb  stm32f3xx_hal_i2c_ex.o [1]
HAL_I2C_Init            0x08001435   0xa2  Code  Gb  stm32f3xx_hal_i2c.o [1]
HAL_I2C_MspInit         0x0800197d   0x56  Code  Gb  stm32f3xx_hal_msp.o [1]
HAL_IncTick             0x08001c09   0x10  Code  Wk  stm32f3xx_hal.o [1]
HAL_Init                0x08001241   0x20  Code  Gb  stm32f3xx_hal.o [1]
HAL_InitTick            0x08000e35   0x40  Code  Wk  stm32f3xx_hal.o [1]
HAL_MspInit             0x08001951   0x2c  Code  Gb  stm32f3xx_hal_msp.o [1]
HAL_NVIC_SetPriority    0x08000ead   0x3a  Code  Gb  stm32f3xx_hal_cortex.o [1]
HAL_NVIC_SetPriorityGrouping
                        0x08000e93   0x1a  Code  Gb  stm32f3xx_hal_cortex.o [1]
HAL_PCD_Init            0x08001629   0x8c  Code  Gb  stm32f3xx_hal_pcd.o [1]
HAL_PCD_MspInit         0x08001a23   0x48  Code  Gb  stm32f3xx_hal_msp.o [1]
HAL_RCCEx_PeriphCLKConfig
                        0x08001799  0x1aa  Code  Gb  stm32f3xx_hal_rcc_ex.o [1]
HAL_RCC_ClockConfig     0x08000c99   0xde  Code  Gb  stm32f3xx_hal_rcc.o [1]
HAL_RCC_GetSysClockFreq
                        0x08000da5   0x38  Code  Gb  stm32f3xx_hal_rcc.o [1]
HAL_RCC_OscConfig       0x08000995  0x2f2  Code  Gb  stm32f3xx_hal_rcc.o [1]
HAL_SPI_Init            0x08001571   0xac  Code  Gb  stm32f3xx_hal_spi.o [1]
HAL_SPI_MspInit         0x080019d3   0x46  Code  Gb  stm32f3xx_hal_msp.o [1]
HAL_SYSTICK_Config      0x08000ee7   0x28  Code  Gb  stm32f3xx_hal_cortex.o [1]
HardFault_Handler       0x08001be7    0x2  Code  Gb  stm32f3xx_it.o [1]
MemManage_Handler       0x08001be9    0x2  Code  Gb  stm32f3xx_it.o [1]
NMI_Handler             0x08001be5    0x2  Code  Gb  stm32f3xx_it.o [1]
PendSV_Handler          0x080008e5         Code  Gb  portasm.o [1]
Region$$Table$$Base     0x08001c3c          --   Gb  - Linker created -
Region$$Table$$Limit    0x08001c60          --   Gb  - Linker created -
SVC_Handler             0x0800093d         Code  Gb  portasm.o [1]
StartDefaultTask        0x08001171   0x1a  Code  Gb  main.o [1]
StartTask02             0x0800118b   0x18  Code  Gb  main.o [1]
StartTask03             0x080011a3   0x1a  Code  Gb  main.o [1]
SysTick_Handler         0x08001bf1   0x18  Code  Gb  stm32f3xx_it.o [1]
SystemClock_Config      0x080010e3   0x8e  Code  Gb  main.o [1]
SystemCoreClock         0x20000018    0x4  Data  Gb  system_stm32f3xx.o [1]
SystemInit              0x08001b41   0x14  Code  Gb  system_stm32f3xx.o [1]
USB_DevInit             0x08001ae1   0x10  Code  Gb  stm32f3xx_ll_usb.o [1]
USB_DisableGlobalInt    0x08001ad5    0xc  Code  Gb  stm32f3xx_ll_usb.o [1]
UsageFault_Handler      0x08001bed    0x2  Code  Gb  stm32f3xx_it.o [1]
__NVIC_SetPriority      0x08000e75   0x1e  Code  Lc  stm32f3xx_hal_cortex.o [1]
__aeabi_memclr4         0x08001265         Code  Gb  ABImemclr4.o [5]
__aeabi_memcpy4         0x080016c5         Code  Gb  ABImemcpy.o [5]
__aeabi_memcpy8         0x080016c5         Code  Gb  ABImemcpy.o [5]
__cmain                 0x08001c61         Code  Gb  cmain.o [5]
__exit                  0x08001c95   0x14  Code  Gb  exit.o [6]
__iar_Memset4_word      0x08001aa1         Code  Gb  ABImemset48.o [5]
__iar_Memset8_word      0x08001aa1         Code  Gb  ABImemset48.o [5]
__iar_copy_init3        0x08001b6d   0x2c  Code  Gb  copy_init3.o [5]
__iar_data_init3        0x08001b99   0x28  Code  Gb  data_init.o [5]
__iar_init_vfp          0x08001c19         Code  Gb  fpinit_M.o [4]
__iar_program_start     0x08001cd5         Code  Gb  cstartup_M.o [5]
__iar_systems$$module {Abs}
                        0x00000001         Data  Gb  command line/config [2]
__iar_zero_init3        0x08001b01   0x40  Code  Gb  zero_init3.o [5]
__low_level_init        0x08001c7f    0x4  Code  Gb  low_level_init.o [3]
__vector_table          0x08000000         Data  Gb  startup_stm32f303xc.o [1]
_call_main              0x08001c6d         Code  Gb  cmain.o [5]
_exit                   0x08001c89         Code  Gb  cexit.o [5]
_main                   0x08001c7b         Code  Gb  cmain.o [5]
aPLLMULFactorTable      0x08000e08   0x10  Data  Gb  stm32f3xx_hal_rcc.o [1]
aPredivFactorTable      0x08000e18   0x10  Data  Gb  stm32f3xx_hal_rcc.o [1]
defaultTaskBuffer       0x20000618  0x200  Data  Gb  main.o [1]
defaultTaskControlBlock
                        0x20000d40   0x54  Data  Gb  main.o [1]
defaultTaskHandle       0x200003b8    0x4  Data  Gb  main.o [1]
exit                    0x08001c83    0x4  Code  Gb  exit.o [3]
hi2c1                   0x20000080   0x4c  Data  Gb  main.o [1]
hpcd_USB_FS             0x200000cc  0x2ec  Data  Gb  main.o [1]
hspi1                   0x2000001c   0x64  Data  Gb  main.o [1]
main                    0x08000f25  0x1be  Code  Gb  main.o [1]
makeFreeRtosPriority    0x0800174d    0xc  Code  Lc  cmsis_os.o [1]
myTask02Buffer          0x20000818  0x200  Data  Gb  main.o [1]
myTask02ControlBlock    0x20000d94   0x54  Data  Gb  main.o [1]
myTask02Handle          0x200003bc    0x4  Data  Gb  main.o [1]
myTask03Buffer          0x20000a18  0x200  Data  Gb  main.o [1]
myTask03ControlBlock    0x20000de8   0x54  Data  Gb  main.o [1]
myTask03Handle          0x200003c0    0x4  Data  Gb  main.o [1]
osDelay                 0x08001789    0xe  Code  Gb  cmsis_os.o [1]
osKernelStart           0x08001759    0xa  Code  Gb  cmsis_os.o [1]
osThreadCreate          0x08001763   0x26  Code  Gb  cmsis_os.o [1]
prvAddCurrentTaskToDelayedList
                        0x0800060d   0x5e  Code  Lc  tasks.o [1]
prvAddNewTaskToReadyList
                        0x08000257   0xa8  Code  Lc  tasks.o [1]
prvIdleTask             0x0800054d   0x46  Code  Lc  tasks.o [1]
prvInitialiseNewTask    0x080001df   0x78  Code  Lc  tasks.o [1]
prvResetNextTaskUnblockTime
                        0x08000593   0x1a  Code  Lc  tasks.o [1]
prvTaskExitError        0x08000741   0x28  Code  Lc  port.o [1]
pxCurrentTCB            0x20000c40    0x4  Data  Gb  tasks.o [1]
pxDelayedTaskList       0x20000c44    0x4  Data  Lc  tasks.o [1]
pxOverflowDelayedTaskList
                        0x20000c48    0x4  Data  Lc  tasks.o [1]
pxPortInitialiseStack   0x08000719   0x26  Code  Gb  port.o [1]
pxReadyTasksLists       0x20000cb4   0x8c  Data  Lc  tasks.o [1]
ucMaxSysCallPriority    0x20000000    0x1  Data  Lc  port.o [1]
ulMaxPRIGROUPValue      0x20000008    0x4  Data  Lc  port.o [1]
uwTick                  0x20000010    0x4  Data  Gb  stm32f3xx_hal.o [1]
uwTickFreq              0x2000000c    0x1  Data  Gb  stm32f3xx_hal.o [1]
uwTickPrio              0x20000014    0x4  Data  Gb  stm32f3xx_hal.o [1]
uxCriticalNesting       0x20000004    0x4  Data  Lc  port.o [1]
uxCurrentNumberOfTasks  0x20000c64    0x4  Data  Lc  tasks.o [1]
uxDeletedTasksWaitingCleanUp
                        0x20000c4c    0x4  Data  Lc  tasks.o [1]
uxListRemove            0x080006f3   0x26  Code  Gb  list.o [1]
uxPendedTicks           0x20000c74    0x4  Data  Lc  tasks.o [1]
uxSchedulerSuspended    0x20000c88    0x4  Data  Lc  tasks.o [1]
uxTaskNumber            0x20000c80    0x4  Data  Lc  tasks.o [1]
uxTopReadyPriority      0x20000c6c    0x4  Data  Lc  tasks.o [1]
vApplicationGetIdleTaskMemory
                        0x080008d1   0x14  Code  Gb  freertos.o [1]
vListInitialise         0x08000689   0x1a  Code  Gb  list.o [1]
vListInitialiseItem     0x080006a3    0x6  Code  Gb  list.o [1]
vListInsert             0x080006c1   0x32  Code  Gb  list.o [1]
vListInsertEnd          0x080006a9   0x18  Code  Gb  list.o [1]
vPortEnableVFP          0x08000979         Code  Gb  portasm.o [1]
vPortEnterCritical      0x0800080d   0x32  Code  Gb  port.o [1]
vPortExitCritical       0x0800083f   0x22  Code  Gb  port.o [1]
vPortStartFirstTask     0x08000959         Code  Gb  portasm.o [1]
vTaskDelay              0x080002ff   0x2e  Code  Gb  tasks.o [1]
vTaskStartScheduler     0x08000333   0x50  Code  Gb  tasks.o [1]
vTaskSwitchContext      0x080004eb   0x56  Code  Gb  tasks.o [1]
xDelayedTaskList1       0x20000c8c   0x14  Data  Lc  tasks.o [1]
xDelayedTaskList2       0x20000ca0   0x14  Data  Lc  tasks.o [1]
xIdleStack              0x20000418  0x200  Data  Lc  freertos.o [1]
xIdleTaskTCBBuffer      0x200003c4   0x54  Data  Lc  freertos.o [1]
xNextTaskUnblockTime    0x20000c84    0x4  Data  Lc  tasks.o [1]
xNumOfOverflows         0x20000c7c    0x4  Data  Lc  tasks.o [1]
xPendingReadyList       0x20000c18   0x14  Data  Lc  tasks.o [1]
xPortStartScheduler     0x08000769   0xa4  Code  Gb  port.o [1]
xPortSysTickHandler     0x08000861   0x1e  Code  Gb  port.o [1]
xSchedulerRunning       0x20000c70    0x4  Data  Lc  tasks.o [1]
xSuspendedTaskList      0x20000c50   0x14  Data  Lc  tasks.o [1]
xTaskCreateStatic       0x08000189   0x56  Code  Gb  tasks.o [1]
xTaskGetSchedulerState  0x080005ad   0x18  Code  Gb  tasks.o [1]
xTaskIncrementTick      0x0800042d   0xbe  Code  Gb  tasks.o [1]
xTaskResumeAll          0x08000383   0x9a  Code  Gb  tasks.o [1]
xTasksWaitingTermination
                        0x20000c2c   0x14  Data  Lc  tasks.o [1]
xTickCount              0x20000c68    0x4  Data  Lc  tasks.o [1]
xYieldPending           0x20000c78    0x4  Data  Lc  tasks.o [1]


[1] = C:\Users\xhh\Documents\CUBE-EXAMPLE\STM32DISCOVERY-FREErtos\EWARM\STM32DISCOVERY-FREErtos\Obj
[2] = command line
[3] = dl7M_tlf.a
[4] = m7M_tls.a
[5] = rt7M_tl.a
[6] = shb_l.a

  7 554 bytes of readonly  code memory
    102 bytes of readonly  data memory
  4 668 bytes of readwrite data memory

Errors: none
Warnings: none
